{"type":{"UID":"numeric","VAR2":"numeric","VAR3":"numeric","VAR4":"numeric","VAR5":"numeric","VAR6":"numeric","VAR7":"numeric","VAR8":"numeric","VAR9":"numeric","VAR10":"categorical"},"categories":{"UID":null,"VAR2":null,"VAR3":null,"VAR4":null,"VAR5":null,"VAR6":null,"VAR7":null,"VAR8":null,"VAR9":null,"VAR10":"'0','1'"},"missing_proportion":{"UID":0.0,"VAR2":0.0,"VAR3":0.0,"VAR4":0.0,"VAR5":0.0,"VAR6":0.0,"VAR7":0.0,"VAR8":0.953125,"VAR9":0.0,"VAR10":0.0},"count":{"UID":64.0,"VAR2":64.0,"VAR3":64.0,"VAR4":64.0,"VAR5":64.0,"VAR6":64.0,"VAR7":64.0,"VAR8":3.0,"VAR9":64.0,"VAR10":64},"unique":{"UID":null,"VAR2":null,"VAR3":null,"VAR4":null,"VAR5":null,"VAR6":null,"VAR7":null,"VAR8":null,"VAR9":null,"VAR10":2},"top":{"UID":null,"VAR2":null,"VAR3":null,"VAR4":null,"VAR5":null,"VAR6":null,"VAR7":null,"VAR8":null,"VAR9":null,"VAR10":"'0'"},"freq":{"UID":null,"VAR2":null,"VAR3":null,"VAR4":null,"VAR5":null,"VAR6":null,"VAR7":null,"VAR8":null,"VAR9":null,"VAR10":61},"mean":{"UID":257.09375,"VAR2":0.2015319914,"VAR3":0.0,"VAR4":0.421875,"VAR5":0.234375,"VAR6":0.109375,"VAR7":0.078125,"VAR8":1.0,"VAR9":0.03125,"VAR10":null},"std":{"UID":79.3616833599,"VAR2":0.0708773847,"VAR3":0.0,"VAR4":0.4977628523,"VAR5":0.4269562819,"VAR6":0.3145764348,"VAR7":0.2704897088,"VAR8":1.0,"VAR9":0.1753680936,"VAR10":null},"min":{"UID":106.0,"VAR2":0.108853503,"VAR3":0.0,"VAR4":0.0,"VAR5":0.0,"VAR6":0.0,"VAR7":0.0,"VAR8":0.0,"VAR9":0.0,"VAR10":null},"10%":{"UID":145.9,"VAR2":0.1369569895,"VAR3":0.0,"VAR4":0.0,"VAR5":0.0,"VAR6":0.0,"VAR7":0.0,"VAR8":0.2,"VAR9":0.0,"VAR10":null},"20%":{"UID":184.6,"VAR2":0.153219894,"VAR3":0.0,"VAR4":0.0,"VAR5":0.0,"VAR6":0.0,"VAR7":0.0,"VAR8":0.4,"VAR9":0.0,"VAR10":null},"30%":{"UID":211.9,"VAR2":0.1636351189,"VAR3":0.0,"VAR4":0.0,"VAR5":0.0,"VAR6":0.0,"VAR7":0.0,"VAR8":0.6,"VAR9":0.0,"VAR10":null},"40%":{"UID":234.6,"VAR2":0.1732312022,"VAR3":0.0,"VAR4":0.0,"VAR5":0.0,"VAR6":0.0,"VAR7":0.0,"VAR8":0.8,"VAR9":0.0,"VAR10":null},"50%":{"UID":257.5,"VAR2":0.1840266945,"VAR3":0.0,"VAR4":0.0,"VAR5":0.0,"VAR6":0.0,"VAR7":0.0,"VAR8":1.0,"VAR9":0.0,"VAR10":null},"60%":{"UID":281.4,"VAR2":0.1953042124,"VAR3":0.0,"VAR4":1.0,"VAR5":0.0,"VAR6":0.0,"VAR7":0.0,"VAR8":1.2,"VAR9":0.0,"VAR10":null},"70%":{"UID":309.2,"VAR2":0.2118576444,"VAR3":0.0,"VAR4":1.0,"VAR5":0.0,"VAR6":0.0,"VAR7":0.0,"VAR8":1.4,"VAR9":0.0,"VAR10":null},"80%":{"UID":346.6,"VAR2":0.2354144256,"VAR3":0.0,"VAR4":1.0,"VAR5":1.0,"VAR6":0.0,"VAR7":0.0,"VAR8":1.6,"VAR9":0.0,"VAR10":null},"90%":{"UID":359.7,"VAR2":0.2847120188,"VAR3":0.0,"VAR4":1.0,"VAR5":1.0,"VAR6":0.7,"VAR7":0.0,"VAR8":1.8,"VAR9":0.0,"VAR10":null},"max":{"UID":373.0,"VAR2":0.544162207,"VAR3":0.0,"VAR4":1.0,"VAR5":1.0,"VAR6":1.0,"VAR7":1.0,"VAR8":2.0,"VAR9":1.0,"VAR10":null}}